exports[`<App.Root> Template should render as expected 1`] = `
<div
  className="hSksZZ">
  Hello, World
</div>
`;
