// Jest Snapshot v1, https://goo.gl/fbAQLP

exports[`/ page should render as expected 1`] = `
<styled.div>
  Hello, World
</styled.div>
`;
