// Jest Snapshot v1, https://goo.gl/fbAQLP

exports[`<Color.Page> Template should render as expected 1`] = `
<Styled(Background)
  color="white"
>
  <styled.div>
    <styled.button
      onClick={[Function]}
    >
      &lt;
    </styled.button>
    <styled.span>
      Hello, World
    </styled.span>
    <styled.button
      onClick={[Function]}
    >
      &gt;
    </styled.button>
  </styled.div>
</Styled(Background)>
`;
